time=2025-12-22T22:45:10Z run=START epic=m01-e01-developer-validates-successful-execution.md
time=2025-12-22T22:45:10Z step=Outer 1/20, Inner 1/3: IMPLEMENT status=DONE start=1766443510 end=1766443510 duration_sec=0
time=2025-12-22T22:45:42Z run=START epic=m01-e01-developer-validates-successful-execution.md
time=2025-12-22T22:46:36Z step=Outer 1/20, Inner 1/3: IMPLEMENT status=INTERRUPTED start=1766443542 end=1766443596 duration_sec=54
time=2025-12-22T22:46:36Z run=END status=INTERRUPTED start=1766443542 end=1766443596 duration_sec=54
time=2025-12-22T22:47:58Z run=START epic=m01-e01-developer-validates-successful-execution.md
time=2025-12-22T22:53:48Z step=Outer 1/20, Inner 1/3: IMPLEMENT status=DONE start=1766443678 end=1766444028 duration_sec=350
time=2025-12-22T22:53:49Z step=VALIDATE REPORT status=PASS start=1766444028 end=1766444029 duration_sec=1
time=2025-12-22T23:00:33Z step=COMMIT attempt 1/20 status=DONE start=1766444029 end=1766444433 duration_sec=404
time=2025-12-22T23:00:33Z step=VALIDATE COMMIT REPORT status=FAIL start=1766444433 end=1766444433 duration_sec=0
time=2025-12-22T23:06:57Z step=COMMIT attempt 2/20 status=DONE start=1766444433 end=1766444817 duration_sec=384
time=2025-12-22T23:06:58Z step=VALIDATE COMMIT REPORT status=FAIL start=1766444817 end=1766444818 duration_sec=1
time=2025-12-22T23:10:39Z step=COMMIT attempt 3/20 status=DONE start=1766444818 end=1766445038 duration_sec=220
time=2025-12-22T23:10:39Z step=VALIDATE COMMIT REPORT status=FAIL start=1766445039 end=1766445039 duration_sec=0
time=2025-12-22T23:14:43Z step=COMMIT attempt 4/20 status=DONE start=1766445039 end=1766445283 duration_sec=244
time=2025-12-22T23:14:44Z step=VALIDATE COMMIT REPORT status=FAIL start=1766445283 end=1766445284 duration_sec=1
time=2025-12-22T23:22:23Z step=COMMIT attempt 5/20 status=DONE start=1766445284 end=1766445743 duration_sec=459
time=2025-12-22T23:22:24Z step=VALIDATE COMMIT REPORT status=FAIL start=1766445743 end=1766445744 duration_sec=1
time=2025-12-22T23:28:31Z step=COMMIT attempt 6/20 status=DONE start=1766445744 end=1766446111 duration_sec=367
time=2025-12-22T23:28:31Z step=VALIDATE COMMIT REPORT status=FAIL start=1766446111 end=1766446111 duration_sec=0
time=2025-12-22T23:34:26Z step=COMMIT attempt 7/20 status=DONE start=1766446111 end=1766446466 duration_sec=355
time=2025-12-22T23:34:26Z step=VALIDATE COMMIT REPORT status=FAIL start=1766446466 end=1766446466 duration_sec=0
time=2025-12-22T23:39:40Z step=COMMIT attempt 8/20 status=DONE start=1766446466 end=1766446780 duration_sec=314
time=2025-12-22T23:39:40Z step=VALIDATE COMMIT REPORT status=FAIL start=1766446780 end=1766446780 duration_sec=0
time=2025-12-22T23:43:00Z step=COMMIT attempt 9/20 status=DONE start=1766446780 end=1766446980 duration_sec=200
time=2025-12-22T23:43:00Z step=VALIDATE COMMIT REPORT status=FAIL start=1766446980 end=1766446980 duration_sec=0
time=2025-12-22T23:48:45Z step=COMMIT attempt 10/20 status=DONE start=1766446980 end=1766447325 duration_sec=345
time=2025-12-22T23:48:45Z step=VALIDATE COMMIT REPORT status=FAIL start=1766447325 end=1766447325 duration_sec=0
time=2025-12-23T00:04:50Z step=COMMIT attempt 11/20 status=DONE start=1766447325 end=1766448290 duration_sec=965
time=2025-12-23T00:04:50Z step=VALIDATE COMMIT REPORT status=FAIL start=1766448290 end=1766448290 duration_sec=0
time=2025-12-23T00:24:00Z step=COMMIT attempt 12/20 status=DONE start=1766448290 end=1766449440 duration_sec=1150
time=2025-12-23T00:24:00Z step=VALIDATE COMMIT REPORT status=FAIL start=1766449440 end=1766449440 duration_sec=0
time=2025-12-23T00:31:48Z step=COMMIT attempt 13/20 status=DONE start=1766449440 end=1766449908 duration_sec=468
time=2025-12-23T00:31:48Z step=VALIDATE COMMIT REPORT status=FAIL start=1766449908 end=1766449908 duration_sec=0
time=2025-12-23T00:35:30Z step=COMMIT attempt 14/20 status=DONE start=1766449908 end=1766450130 duration_sec=222
time=2025-12-23T00:35:31Z step=VALIDATE COMMIT REPORT status=FAIL start=1766450130 end=1766450131 duration_sec=1
time=2025-12-23T00:39:01Z step=COMMIT attempt 15/20 status=DONE start=1766450131 end=1766450341 duration_sec=210
time=2025-12-23T00:39:01Z step=VALIDATE COMMIT REPORT status=FAIL start=1766450341 end=1766450341 duration_sec=0
time=2025-12-23T01:02:02Z step=COMMIT attempt 16/20 status=DONE start=1766450341 end=1766451722 duration_sec=1381
time=2025-12-23T01:02:03Z step=VALIDATE COMMIT REPORT status=FAIL start=1766451722 end=1766451723 duration_sec=1
time=2025-12-23T01:25:37Z step=COMMIT attempt 17/20 status=DONE start=1766451723 end=1766453137 duration_sec=1414
time=2025-12-23T01:25:37Z step=VALIDATE COMMIT REPORT status=FAIL start=1766453137 end=1766453137 duration_sec=0
time=2025-12-23T01:37:54Z step=COMMIT attempt 18/20 status=DONE start=1766453137 end=1766453874 duration_sec=737
time=2025-12-23T01:37:54Z step=VALIDATE COMMIT REPORT status=FAIL start=1766453874 end=1766453874 duration_sec=0
time=2025-12-23T02:14:45Z step=COMMIT attempt 19/20 status=DONE start=1766453874 end=1766456085 duration_sec=2211
time=2025-12-23T02:14:46Z step=VALIDATE COMMIT REPORT status=FAIL start=1766456085 end=1766456086 duration_sec=1
time=2025-12-23T02:39:39Z step=COMMIT attempt 20/20 status=DONE start=1766456086 end=1766457579 duration_sec=1493
time=2025-12-23T02:39:39Z step=VALIDATE COMMIT REPORT status=FAIL start=1766457579 end=1766457579 duration_sec=0
time=2025-12-23T02:42:23Z step=Outer 1/20: REVIEW status=PASS start=1766457579 end=1766457743 duration_sec=164
time=2025-12-23T02:42:23Z run=END status=SUCCESS start=1766443678 end=1766457743 duration_sec=14065
time=2025-12-23T02:42:23Z run=START epic=m01-e02-developer-validates-error-handling.md
time=2025-12-23T02:51:45Z step=Outer 1/20, Inner 1/3: IMPLEMENT status=DONE start=1766457743 end=1766458305 duration_sec=562
time=2025-12-23T02:51:46Z step=VALIDATE REPORT status=PASS start=1766458305 end=1766458306 duration_sec=1
time=2025-12-23T03:07:59Z step=COMMIT attempt 1/20 status=DONE start=1766458306 end=1766459279 duration_sec=973
time=2025-12-23T03:07:59Z step=VALIDATE COMMIT REPORT status=FAIL start=1766459279 end=1766459279 duration_sec=0
time=2025-12-23T03:11:52Z step=COMMIT attempt 2/20 status=DONE start=1766459279 end=1766459512 duration_sec=233
time=2025-12-23T03:11:52Z step=VALIDATE COMMIT REPORT status=FAIL start=1766459512 end=1766459512 duration_sec=0
time=2025-12-23T03:18:08Z step=COMMIT attempt 3/20 status=DONE start=1766459512 end=1766459888 duration_sec=376
time=2025-12-23T03:18:08Z step=VALIDATE COMMIT REPORT status=FAIL start=1766459888 end=1766459888 duration_sec=0
time=2025-12-23T03:31:51Z step=COMMIT attempt 4/20 status=DONE start=1766459888 end=1766460711 duration_sec=823
time=2025-12-23T03:31:51Z step=VALIDATE COMMIT REPORT status=FAIL start=1766460711 end=1766460711 duration_sec=0
time=2025-12-23T03:39:21Z step=COMMIT attempt 5/20 status=DONE start=1766460711 end=1766461161 duration_sec=450
time=2025-12-23T03:39:21Z step=VALIDATE COMMIT REPORT status=FAIL start=1766461161 end=1766461161 duration_sec=0
time=2025-12-23T03:50:59Z step=COMMIT attempt 6/20 status=DONE start=1766461161 end=1766461859 duration_sec=698
time=2025-12-23T03:50:59Z step=VALIDATE COMMIT REPORT status=FAIL start=1766461859 end=1766461859 duration_sec=0
time=2025-12-23T03:58:08Z step=COMMIT attempt 7/20 status=DONE start=1766461859 end=1766462288 duration_sec=429
time=2025-12-23T03:58:09Z step=VALIDATE COMMIT REPORT status=FAIL start=1766462288 end=1766462289 duration_sec=1
time=2025-12-23T04:07:30Z step=COMMIT attempt 8/20 status=DONE start=1766462289 end=1766462850 duration_sec=561
time=2025-12-23T04:07:30Z step=VALIDATE COMMIT REPORT status=FAIL start=1766462850 end=1766462850 duration_sec=0
time=2025-12-23T04:18:37Z step=COMMIT attempt 9/20 status=DONE start=1766462850 end=1766463517 duration_sec=667
time=2025-12-23T04:18:37Z step=VALIDATE COMMIT REPORT status=FAIL start=1766463517 end=1766463517 duration_sec=0
time=2025-12-23T04:37:58Z step=COMMIT attempt 10/20 status=DONE start=1766463517 end=1766464678 duration_sec=1161
time=2025-12-23T04:37:58Z step=VALIDATE COMMIT REPORT status=FAIL start=1766464678 end=1766464678 duration_sec=0
time=2025-12-23T04:47:21Z step=COMMIT attempt 11/20 status=DONE start=1766464678 end=1766465241 duration_sec=563
time=2025-12-23T04:47:21Z step=VALIDATE COMMIT REPORT status=FAIL start=1766465241 end=1766465241 duration_sec=0
time=2025-12-23T04:58:31Z step=COMMIT attempt 12/20 status=DONE start=1766465241 end=1766465911 duration_sec=670
time=2025-12-23T04:58:31Z step=VALIDATE COMMIT REPORT status=FAIL start=1766465911 end=1766465911 duration_sec=0
time=2025-12-23T05:02:15Z step=COMMIT attempt 13/20 status=DONE start=1766465911 end=1766466135 duration_sec=224
time=2025-12-23T05:02:15Z step=VALIDATE COMMIT REPORT status=FAIL start=1766466135 end=1766466135 duration_sec=0
time=2025-12-23T05:10:58Z step=COMMIT attempt 14/20 status=DONE start=1766466135 end=1766466658 duration_sec=523
time=2025-12-23T05:10:59Z step=VALIDATE COMMIT REPORT status=FAIL start=1766466658 end=1766466659 duration_sec=1
time=2025-12-23T05:17:14Z step=COMMIT attempt 15/20 status=DONE start=1766466659 end=1766467034 duration_sec=375
time=2025-12-23T05:17:14Z step=VALIDATE COMMIT REPORT status=FAIL start=1766467034 end=1766467034 duration_sec=0
time=2025-12-23T05:33:43Z step=COMMIT attempt 16/20 status=DONE start=1766467034 end=1766468023 duration_sec=989
time=2025-12-23T05:33:43Z step=VALIDATE COMMIT REPORT status=FAIL start=1766468023 end=1766468023 duration_sec=0
time=2025-12-23T05:58:52Z step=COMMIT attempt 17/20 status=DONE start=1766468023 end=1766469532 duration_sec=1509
time=2025-12-23T05:58:52Z step=VALIDATE COMMIT REPORT status=FAIL start=1766469532 end=1766469532 duration_sec=0
time=2025-12-23T06:49:04Z step=COMMIT attempt 18/20 status=DONE start=1766469532 end=1766472544 duration_sec=3012
time=2025-12-23T06:49:04Z step=VALIDATE COMMIT REPORT status=FAIL start=1766472544 end=1766472544 duration_sec=0
time=2025-12-23T07:09:40Z step=COMMIT attempt 19/20 status=DONE start=1766472544 end=1766473780 duration_sec=1236
time=2025-12-23T07:09:40Z step=VALIDATE COMMIT REPORT status=FAIL start=1766473780 end=1766473780 duration_sec=0
time=2025-12-23T07:11:19Z step=COMMIT attempt 20/20 status=INTERRUPTED start=1766473780 end=1766473879 duration_sec=99
time=2025-12-23T07:11:19Z run=END status=INTERRUPTED start=1766457743 end=1766473879 duration_sec=16136
